         log1	WALL TIME: 48m10s	CPU TIME: 42m23s		VSZ: 4.490G	RSS: 4.214G	USS: 0.942G+
         log2	WALL TIME: 17m57s	CPU TIME: 1h18m14s		VSZ: 4.259G	RSS: 4.194G	USS: 4.000G+
      logs	WALL TIME: 1h6m7s	CPU TIME: 2h0m37s		VSZ: 4.490G	RSS: 4.214G	USS: 4.000G+
   test1	WALL TIME: 1h6m7s	CPU TIME: 2h0m37s		VSZ: 4.490G	RSS: 4.214G	USS: 4.000G+
         log1	WALL TIME: 1h2m19s	CPU TIME: 55m53s		VSZ: 6.482G	RSS: 6.198G	USS: 6.183G+
         log2	WALL TIME: 27m32s	CPU TIME: 1h35m9s		VSZ: 6.243G	RSS: 6.178G	USS: 0.129G+
      logs	WALL TIME: 1h29m51s	CPU TIME: 2h31m2s		VSZ: 6.482G	RSS: 6.198G	USS: 6.183G+
   test2	WALL TIME: 1h29m51s	CPU TIME: 2h31m2s		VSZ: 6.482G	RSS: 6.198G	USS: 6.183G+
TIME-MEM	WALL TIME: 2h35m58s	CPU TIME: 4h31m39s		VSZ: 6.482G	RSS: 6.198G	USS: 6.183G+
