
canoe, NRC-CNRC, (c) 2004 - 2010, Her Majesty in Right of Canada
Please run "portage_info -notice" for Copyright notices of 3rd party libraries.

Usage: canoe -f CONFIG [options] < marked_up_src

Translate text, reading from standard input and writing to standard output.
Translation is controlled by the options listed below, which may be specified
